error: Unsupported attribute; only `name` is supported (see `vetric` crate docs for details)
 --> tests/ui/labels/unsupported_variant_attr.rs:7:15
  |
7 |     #[metrics(rename = "_")]
  |               ^^^^^^
