error[E0080]: evaluation of constant value failed
 --> tests/ui/metrics/bogus_prefix.rs:4:20
  |
4 | #[metrics(prefix = "what?")]
  |                    ^^^^^^^ the evaluated program panicked at 'Metric prefix `what?` is invalid: name contains a disallowed char '?' at position 4; allowed chars are [_a-z0-9]', $DIR/tests/ui/metrics/bogus_prefix.rs:4:20
